##########################################
# (1) LINK INFORMATION                   #
##########################################
c:\program files (x86)\renesas\hew_002\tools\renesas\nc30wa\v542r00\bin\ln30.exe @U:\BarnabasGavinCangan\Climate_Control\Climate_Control\Debug\Climate_Control.m16cl

# ID CODE DATA
.ID  "#FFFFFFFFFFFFFF"

# OPTION FUNCTION SELECT REGISTER
.OFSREG  FFH

# LINK FILE INFORMATION
adc (U:\BarnabasGavinCangan\Climate_Control\Climate_Control\Debug\adc.r30)
	Aug  2 19:38:09 2014

blink (U:\BarnabasGavinCangan\Climate_Control\Climate_Control\Debug\blink.r30)
	Aug  2 19:38:11 2014

board_init (U:\BarnabasGavinCangan\Climate_Control\Climate_Control\Debug\board_init.r30)
	Aug  2 19:38:12 2014

Climate_Control (U:\BarnabasGavinCangan\Climate_Control\Climate_Control\Debug\Climate_Control.r30)
	Aug  2 19:38:06 2014

fvector (U:\BarnabasGavinCangan\Climate_Control\Climate_Control\Debug\fvector.r30)
	Aug  2 19:38:06 2014

heap (U:\BarnabasGavinCangan\Climate_Control\Climate_Control\Debug\heap.r30)
	Aug  2 19:38:06 2014

initsct (U:\BarnabasGavinCangan\Climate_Control\Climate_Control\Debug\initsct.r30)
	Aug  2 19:38:06 2014

interrupts (U:\BarnabasGavinCangan\Climate_Control\Climate_Control\Debug\interrupts.r30)
	Aug  2 19:38:14 2014

intprg (U:\BarnabasGavinCangan\Climate_Control\Climate_Control\Debug\intprg.r30)
	Aug  2 19:38:08 2014

lcd (U:\BarnabasGavinCangan\Climate_Control\Climate_Control\Debug\lcd.r30)
	Aug  2 19:38:16 2014

menu (U:\BarnabasGavinCangan\Climate_Control\Climate_Control\Debug\menu.r30)
	Aug  2 19:38:19 2014

resetprg (U:\BarnabasGavinCangan\Climate_Control\Climate_Control\Debug\resetprg.r30)
	Aug  2 19:38:23 2014

utilities (U:\BarnabasGavinCangan\Climate_Control\Climate_Control\Debug\utilities.r30)
	Aug  2 19:38:21 2014

_i4div (c:\program files (x86)\renesas\hew_002\tools\renesas\nc30wa\v542r00\lib30\nc30lib.lib)
	Oct 18 10:51:31 2006

_i4mod (c:\program files (x86)\renesas\hew_002\tools\renesas\nc30wa\v542r00\lib30\nc30lib.lib)
	Oct 18 10:51:32 2006

bcopy (c:\program files (x86)\renesas\hew_002\tools\renesas\nc30wa\v542r00\lib30\nc30lib.lib)
	Oct 18 10:51:37 2006

bzero (c:\program files (x86)\renesas\hew_002\tools\renesas\nc30wa\v542r00\lib30\nc30lib.lib)
	Oct 18 10:51:38 2006


##########################################
# (2) SECTION INFORMATION                #
##########################################
# SECTION                        ATR TYPE    START  LENGTH ALIGN MODULENAME
data_SE                          REL DATA    000400 000000 2     initsct
bss_SE                           REL DATA    000400 000000 2     initsct
data_SO                          REL DATA    000400 000000       initsct
bss_SO                           REL DATA    000400 000000       initsct
data_NE                          REL DATA    000400 000000 2     initsct
                                 REL DATA    000400 000004 2     interrupts
bss_NE                           REL DATA    000404 000000 2     initsct
data_NO                          REL DATA    000404 000002       blink
                                 REL DATA    000406 000001       Climate_Control
                                 REL DATA    000407 000000       initsct
                                 REL DATA    000407 000005       menu
                                 REL DATA    00040C 000004       utilities
bss_NO                           REL DATA    000410 000000       initsct
stack                            REL DATA    000410 000080       resetprg
istack                           REL DATA    000490 000080       resetprg
data_SEI                         REL ROMDATA 004000 000000 2     initsct
data_SOI                         REL ROMDATA 004000 000000       initsct
data_NEI                         REL ROMDATA 004000 000000 2     initsct
                                 REL ROMDATA 004000 000004       interrupts
data_NOI                         REL ROMDATA 004004 000002       blink
                                 REL ROMDATA 004006 000001       Climate_Control
                                 REL ROMDATA 004007 000000       initsct
                                 REL ROMDATA 004007 000005       menu
                                 REL ROMDATA 00400C 000004       utilities
program                          REL CODE    004010 00005F 2     adc
                                 REL CODE    004070 000054 2     blink
                                 REL CODE    0040C4 00005B 2     board_init
                                 REL CODE    004120 00003C 2     Climate_Control
                                 REL CODE    00415C 000005 2     fvector
                                 REL CODE    004162 0000AF 2     interrupts
                                 REL CODE    004212 000065 2     intprg
                                 REL CODE    004278 0005BC 2     lcd
                                 REL CODE    004834 000377 2     menu
                                 REL CODE    004BAC 0002C1 2     utilities
                                 REL CODE    004E6E 000083 2     _i4div
                                 REL CODE    004EF2 000073 2     _i4mod
                                 REL CODE    004F66 000035 2     bcopy
                                 REL CODE    004F9C 000028 2     bzero
interrupt                        REL CODE    004FC4 0000CD 2     initsct
                                 REL CODE    005092 00003B 2     resetprg
vector                           REL ROMDATA 00FEDC 000100       interrupts
rom_FO                           REL ROMDATA 010000 000022       lcd
                                 REL ROMDATA 010022 00005E       menu
                                 REL ROMDATA 010080 00004A       utilities
fvector                          ABS ROMDATA 00FFDC 000024       fvector
bss_FE                           REL DATA    010000 000000 2     initsct
bss_FO                           REL DATA    010000 000000       initsct
data_FE                          REL DATA    010000 000000 2     initsct
data_FEI                         REL ROMDATA 010000 000000 2     initsct
data_FO                          REL DATA    010000 000000       initsct
data_FOI                         REL ROMDATA 010000 000000       initsct
# Total -------------------------------------------------------------------
                                     DATA           000110(0000272) Byte(s)
                                     ROMDATA        0001FE(0000510) Byte(s)
                                     CODE           0010BD(0004285) Byte(s)

##########################################
# VARIABLE VECTOR TABLE INFORMATION      #
##########################################
No.  Address               No.  Address               No.  Address
0    __brk                 1    __dummy_int           2    __dummy_int           
3    __can0_wakeup         4    __can0_receive        5    __can0_trance         
6    __can0_error          7    __dummy_int           8    __timer_rd0           
9    __timer_rd1           10   __timer_re            11   __dummy_int           
12   __dummy_int           13   _KI_isr               14   __ad_converter        
15   __ssu                 16   __dummy_int           17   __uart0_trance        
18   __uart0_receive       19   __dummy_int           20   __uart1_receive       
21   __int2                22   _timer_ra_isr         23   __dummy_int           
24   __dummy_int           25   __int1                26   __int3                
27   __dummy_int           28   __dummy_int           29   __int0                
30   __dummy_int           31   __dummy_int           32   __dummy_int           
33   __dummy_int           34   __dummy_int           35   __dummy_int           
36   __dummy_int           37   __dummy_int           38   __dummy_int           
39   __dummy_int           40   __dummy_int           41   __dummy_int           
42   __dummy_int           43   __dummy_int           44   __dummy_int           
45   __dummy_int           46   __dummy_int           47   __dummy_int           
48   __dummy_int           49   __dummy_int           50   __dummy_int           
51   __dummy_int           52   __dummy_int           53   __dummy_int           
54   __dummy_int           55   __dummy_int           56   __dummy_int           
57   __dummy_int           58   __dummy_int           59   __dummy_int           
60   __dummy_int           61   __dummy_int           62   __dummy_int           
63   __dummy_int           

##########################################
# (3) GLOBAL LABEL INFORMATION           #
##########################################
$adc_read          00401c  $block_print       0044b6  $lcd_locate        004330
$lcd_write_byte    004278  $menu_pick         004902  $print_menu        004834
$set_value         004ac2  _KI_isr            00416e  __ad_converter     004242
__brk              004212  __can0_error       00422a  __can0_receive     00421e
__can0_trance      004224  __can0_wakeup      004218  __dummy_int        00415c
__i4div            004e6e  __i4mod            004ef2  __int0             004272
__int1             004266  __int2             004260  __int3             00426c
__istack_top       000510  __ssu              004248  __stack_top        000490
__timer_rd0        004230  __timer_rd1        004236  __timer_re         00423c
__uart0_receive    004254  __uart0_trance     00424e  __uart1_receive    00425a
_adc_config        004010  _aiv_blink         0040a0  _aiv_blink_on      000405
_aiv_blink_stop    0040bc  _bcopy             004f66  _board_init        0040c4
_bzero             004f9c  _clr_lcd           004320  _counter           000400
_cur_pol           00040d  _cur_temp          00040c  _delay             004070
_err_flag          00040e  _error_process     004c98  _exit              0050c8
_go_pol            004a80  _go_temp           004a3e  _initsct           004fc4
_key               00040b  _key_interrupt_c   004162  _lcd_init          0042de
_lcd_latch         0042d4  _lcd_write_num     0043b2  _lcd_write_str     00436a
_main              004120  _menu_flag         000406  _menu_invoke       004b9e
_menu_process      004a10  _menu_timer        000402  _p_high            00040a
_p_low             000409  _print_flag        00040f  _read_sensors      004c84
_readkey           0049e6  _run               004a36  _sp_init2_lcd      004608
_sp_init_lcd       0046e6  _splash_screen     004bc2  _start             005092
_stop_timer        0041f4  _sym_init_lcd      004778  _system_init       004bac
_t_high            000408  _t_low             000407  _timer_ra_init     00417e
_timer_ra_isr      004192  _update_devices    004e04  _update_display    004d86
_window_blink      00408c  _window_blink_on   000404  _window_blink_st   0040b4

##########################################
# (4) GLOBAL EQU SYMBOL INFORMATION      #
##########################################
__SB__           00000400  

##########################################
# (5) GLOBAL EQU BIT-SYMBOL INFORMATION  #
##########################################

##########################################
# (6) LOCAL LABEL INFORMATION            #
##########################################
@ adc ( U:\BarnabasGavinCangan\Climate_Control\Climate_Control\Debug\adc.r30 )
@ blink ( U:\BarnabasGavinCangan\Climate_Control\Climate_Control\Debug\blink.r30 )
@ board_init ( U:\BarnabasGavinCangan\Climate_Control\Climate_Control\Debug\board_init.r30 )
@ Climate_Control ( U:\BarnabasGavinCangan\Climate_Control\Climate_Control\Debug\Climate_Control.r30 )
@ fvector ( U:\BarnabasGavinCangan\Climate_Control\Climate_Control\Debug\fvector.r30 )
@ heap ( U:\BarnabasGavinCangan\Climate_Control\Climate_Control\Debug\heap.r30 )
@ initsct ( U:\BarnabasGavinCangan\Climate_Control\Climate_Control\Debug\initsct.r30 )
@ interrupts ( U:\BarnabasGavinCangan\Climate_Control\Climate_Control\Debug\interrupts.r30 )
@ intprg ( U:\BarnabasGavinCangan\Climate_Control\Climate_Control\Debug\intprg.r30 )
@ lcd ( U:\BarnabasGavinCangan\Climate_Control\Climate_Control\Debug\lcd.r30 )
@ menu ( U:\BarnabasGavinCangan\Climate_Control\Climate_Control\Debug\menu.r30 )
@ resetprg ( U:\BarnabasGavinCangan\Climate_Control\Climate_Control\Debug\resetprg.r30 )
@ utilities ( U:\BarnabasGavinCangan\Climate_Control\Climate_Control\Debug\utilities.r30 )
@ _i4div ( c:\program files (x86)\renesas\hew_002\tools\renesas\nc30wa\v542r00\lib30\nc30lib.lib )
@ _i4mod ( c:\program files (x86)\renesas\hew_002\tools\renesas\nc30wa\v542r00\lib30\nc30lib.lib )
@ bcopy ( c:\program files (x86)\renesas\hew_002\tools\renesas\nc30wa\v542r00\lib30\nc30lib.lib )
@ bzero ( c:\program files (x86)\renesas\hew_002\tools\renesas\nc30wa\v542r00\lib30\nc30lib.lib )

##########################################
# (7) LOCAL EQU SYMBOL INFORMATION       #
##########################################
@ adc ( U:\BarnabasGavinCangan\Climate_Control\Climate_Control\Debug\adc.r30 )
@ blink ( U:\BarnabasGavinCangan\Climate_Control\Climate_Control\Debug\blink.r30 )
@ board_init ( U:\BarnabasGavinCangan\Climate_Control\Climate_Control\Debug\board_init.r30 )
@ Climate_Control ( U:\BarnabasGavinCangan\Climate_Control\Climate_Control\Debug\Climate_Control.r30 )
@ fvector ( U:\BarnabasGavinCangan\Climate_Control\Climate_Control\Debug\fvector.r30 )
@ heap ( U:\BarnabasGavinCangan\Climate_Control\Climate_Control\Debug\heap.r30 )
@ initsct ( U:\BarnabasGavinCangan\Climate_Control\Climate_Control\Debug\initsct.r30 )
@ interrupts ( U:\BarnabasGavinCangan\Climate_Control\Climate_Control\Debug\interrupts.r30 )
@ intprg ( U:\BarnabasGavinCangan\Climate_Control\Climate_Control\Debug\intprg.r30 )
@ lcd ( U:\BarnabasGavinCangan\Climate_Control\Climate_Control\Debug\lcd.r30 )
@ menu ( U:\BarnabasGavinCangan\Climate_Control\Climate_Control\Debug\menu.r30 )
@ resetprg ( U:\BarnabasGavinCangan\Climate_Control\Climate_Control\Debug\resetprg.r30 )
@ utilities ( U:\BarnabasGavinCangan\Climate_Control\Climate_Control\Debug\utilities.r30 )
@ _i4div ( c:\program files (x86)\renesas\hew_002\tools\renesas\nc30wa\v542r00\lib30\nc30lib.lib )
@ _i4mod ( c:\program files (x86)\renesas\hew_002\tools\renesas\nc30wa\v542r00\lib30\nc30lib.lib )
@ bcopy ( c:\program files (x86)\renesas\hew_002\tools\renesas\nc30wa\v542r00\lib30\nc30lib.lib )
@ bzero ( c:\program files (x86)\renesas\hew_002\tools\renesas\nc30wa\v542r00\lib30\nc30lib.lib )

##########################################
# (8) LOCAL EQU BIT-SYMBOL INFORMATION   #
##########################################
@ adc ( U:\BarnabasGavinCangan\Climate_Control\Climate_Control\Debug\adc.r30 )
@ blink ( U:\BarnabasGavinCangan\Climate_Control\Climate_Control\Debug\blink.r30 )
@ board_init ( U:\BarnabasGavinCangan\Climate_Control\Climate_Control\Debug\board_init.r30 )
@ Climate_Control ( U:\BarnabasGavinCangan\Climate_Control\Climate_Control\Debug\Climate_Control.r30 )
@ fvector ( U:\BarnabasGavinCangan\Climate_Control\Climate_Control\Debug\fvector.r30 )
@ heap ( U:\BarnabasGavinCangan\Climate_Control\Climate_Control\Debug\heap.r30 )
@ initsct ( U:\BarnabasGavinCangan\Climate_Control\Climate_Control\Debug\initsct.r30 )
@ interrupts ( U:\BarnabasGavinCangan\Climate_Control\Climate_Control\Debug\interrupts.r30 )
@ intprg ( U:\BarnabasGavinCangan\Climate_Control\Climate_Control\Debug\intprg.r30 )
@ lcd ( U:\BarnabasGavinCangan\Climate_Control\Climate_Control\Debug\lcd.r30 )
@ menu ( U:\BarnabasGavinCangan\Climate_Control\Climate_Control\Debug\menu.r30 )
@ resetprg ( U:\BarnabasGavinCangan\Climate_Control\Climate_Control\Debug\resetprg.r30 )
@ utilities ( U:\BarnabasGavinCangan\Climate_Control\Climate_Control\Debug\utilities.r30 )
@ _i4div ( c:\program files (x86)\renesas\hew_002\tools\renesas\nc30wa\v542r00\lib30\nc30lib.lib )
@ _i4mod ( c:\program files (x86)\renesas\hew_002\tools\renesas\nc30wa\v542r00\lib30\nc30lib.lib )
@ bcopy ( c:\program files (x86)\renesas\hew_002\tools\renesas\nc30wa\v542r00\lib30\nc30lib.lib )
@ bzero ( c:\program files (x86)\renesas\hew_002\tools\renesas\nc30wa\v542r00\lib30\nc30lib.lib )

*** Mapping List ***

SECTION                            START      END         SIZE   ALIGN

data_SE
                                  00000400  00000400         0   2
bss_SE
                                  00000400  00000400         0   2
data_SO
                                  00000400  00000400         0   1
bss_SO
                                  00000400  00000400         0   1
data_NE
                                  00000400  00000403         4   2
bss_NE
                                  00000404  00000404         0   2
data_NO
                                  00000404  0000040f         c   1
bss_NO
                                  00000410  00000410         0   1
stack
                                  00000410  0000048f        80   1
istack
                                  00000490  0000050f        80   1
data_SEI
                                  00004000  00004000         0   2
data_SOI
                                  00004000  00004000         0   1
data_NEI
                                  00004000  00004003         4   2
data_NOI
                                  00004004  0000400f         c   1
program
                                  00004010  00004fc3       fb4   2
interrupt
                                  00004fc4  000050cc       109   2
vector
                                  0000fedc  0000ffdb       100   1
rom_FO
                                  00010000  000100c9        ca   1
fvector
                                  0000ffdc  0000ffff        24   1
bss_FE
                                  00010000  00010000         0   2
bss_FO
                                  00010000  00010000         0   1
data_FE
                                  00010000  00010000         0   2
data_FEI
                                  00010000  00010000         0   2
data_FO
                                  00010000  00010000         0   1
data_FOI
                                  00010000  00010000         0   1

*** Symbol List ***

SECTION=
FILE=                               START        END    SIZE
  SYMBOL                            ADDR        SIZE    INFO      COUNTS  OPT

SECTION=data_NE
FILE=U:/BarnabasGavinCangan/Climate_Control/Climate_Control/ref/interrupts
                                  00000400  00000403         4
  _counter
                                  00000400         2   data ,g         0
  _menu_timer
                                  00000402         2   data ,g         0
  __SB__
                                  00000400         0   none ,g         0

SECTION=data_NO
FILE=U:/BarnabasGavinCangan/Climate_Control/Climate_Control/ref/blink
                                  00000404  00000405         2
  _window_blink_on
                                  00000404         1   data ,g         0
  _aiv_blink_on
                                  00000405         1   data ,g         0

FILE=U:/BarnabasGavinCangan/Climate_Control/Climate_Control/Climate_Control
                                  00000406  00000406         1
  _menu_flag
                                  00000406         1   data ,g         0

FILE=U:/BarnabasGavinCangan/Climate_Control/Climate_Control/ref/menu
                                  00000407  0000040b         5
  _t_low
                                  00000407         1   data ,g         0
  _t_high
                                  00000408         1   data ,g         0
  _p_low
                                  00000409         1   data ,g         0
  _p_high
                                  0000040a         1   data ,g         0
  _key
                                  0000040b         1   data ,g         0

FILE=U:/BarnabasGavinCangan/Climate_Control/Climate_Control/ref/utilities
                                  0000040c  0000040f         4
  _cur_temp
                                  0000040c         1   data ,g         0
  _cur_pol
                                  0000040d         1   data ,g         0
  _err_flag
                                  0000040e         1   data ,g         0
  _print_flag
                                  0000040f         1   data ,g         0

SECTION=istack
FILE=U:/BarnabasGavinCangan/Climate_Control/Climate_Control/resetprg
                                  00000490  0000050f        80
  __stack_top
                                  00000490         0   none ,g         0

SECTION=program
FILE=U:/BarnabasGavinCangan/Climate_Control/Climate_Control/ref/adc
                                  00004010  0000406e        5f
  _adc_config
                                  00004010         b   func ,g         0

FILE=U:/BarnabasGavinCangan/Climate_Control/Climate_Control/ref/blink
                                  00004070  000040c3        54
  _delay
                                  00004070        1b   func ,g         0
  _window_blink
                                  0000408c        14   func ,g         0
  _aiv_blink
                                  000040a0        14   func ,g         0
  _window_blink_stop
                                  000040b4         9   func ,g         0
  _aiv_blink_stop
                                  000040bc         8   func ,g         0

FILE=U:/BarnabasGavinCangan/Climate_Control/Climate_Control/ref/board_init
                                  000040c4  0000411e        5b
  _board_init
                                  000040c4        5b   func ,g         0

FILE=U:/BarnabasGavinCangan/Climate_Control/Climate_Control/Climate_Control
                                  00004120  0000415b        3c
  _main
                                  00004120        3c   func ,g         0

FILE=U:/BarnabasGavinCangan/Climate_Control/Climate_Control/fvector
                                  0000415c  00004160         5
  __dummy_int
                                  0000415c         5   func ,g         0

FILE=U:/BarnabasGavinCangan/Climate_Control/Climate_Control/ref/interrupts
                                  00004162  00004210        af
  _key_interrupt_config
                                  00004162         b   func ,g         0
  _KI_isr
                                  0000416e        10   func ,g         0
  _timer_ra_init
                                  0000417e        14   func ,g         0
  _timer_ra_isr
                                  00004192        63   func ,g         0
  _stop_timer
                                  000041f4        1d   func ,g         0

FILE=U:/BarnabasGavinCangan/Climate_Control/Climate_Control/intprg
                                  00004212  00004276        65
  __brk
                                  00004212         5   func ,g         0
  __can0_wakeup
                                  00004218         6   func ,g         0
  __can0_receive
                                  0000421e         6   func ,g         0
  __can0_trance
                                  00004224         6   func ,g         0
  __can0_error
                                  0000422a         6   func ,g         0
  __timer_rd0
                                  00004230         6   func ,g         0
  __timer_rd1
                                  00004236         6   func ,g         0
  __timer_re
                                  0000423c         6   func ,g         0
  __ad_converter
                                  00004242         6   func ,g         0
  __ssu
                                  00004248         6   func ,g         0
  __uart0_trance
                                  0000424e         6   func ,g         0
  __uart0_receive
                                  00004254         6   func ,g         0
  __uart1_receive
                                  0000425a         6   func ,g         0
  __int2
                                  00004260         6   func ,g         0
  __int1
                                  00004266         6   func ,g         0
  __int3
                                  0000426c         6   func ,g         0

FILE=U:/BarnabasGavinCangan/Climate_Control/Climate_Control/ref/lcd
                                  00004278  00004833       5bc
  $lcd_write_byte
                                  00004278        5b   func ,g         0
  _lcd_latch
                                  000042d4         a   func ,g         0
  _lcd_init
                                  000042de        42   func ,g         0
  _clr_lcd
                                  00004320        10   func ,g         0
  $lcd_locate
                                  00004330        3b   func ,g         0
  _lcd_write_str
                                  0000436a        48   func ,g         0
  _lcd_write_num
                                  000043b2       103   func ,g         0
  $block_print
                                  000044b6       152   func ,g         0
  _sp_init2_lcd
                                  00004608        de   func ,g         0
  _sp_init_lcd
                                  000046e6        92   func ,g         0

FILE=U:/BarnabasGavinCangan/Climate_Control/Climate_Control/ref/menu
                                  00004834  00004baa       377
  $print_menu
                                  00004834        cd   func ,g         0
  $menu_pick
                                  00004902        e5   func ,g         0
  _readkey
                                  000049e6        2a   func ,g         0
  _menu_process
                                  00004a10        26   func ,g         0
  _run
                                  00004a36         8   func ,g         0
  _go_temp
                                  00004a3e        41   func ,g         0
  _go_pol
                                  00004a80        42   func ,g         0
  $set_value
                                  00004ac2        dc   func ,g         0

FILE=U:/BarnabasGavinCangan/Climate_Control/Climate_Control/ref/utilities
                                  00004bac  00004e6c       2c1
  _system_init
                                  00004bac        15   func ,g         0
  _splash_screen
                                  00004bc2        c3   func ,g         0
  _read_sensors
                                  00004c84        13   func ,g         0
  _error_process
                                  00004c98        ee   func ,g         0
  _update_display
                                  00004d86        7f   func ,g         0
  _update_devices
                                  00004e04        69   func ,g         0

FILE=_i4div
                                  00004e6e  00004ef0        83
  __i4div
                                  00004e6e        83   func ,g         0

FILE=_i4mod
                                  00004ef2  00004f64        73
  __i4mod
                                  00004ef2        73   func ,g         0

FILE=bcopy
                                  00004f66  00004f9a        35
  _bcopy
                                  00004f66        35   func ,g         0

FILE=bzero
                                  00004f9c  00004fc3        28
  _bzero
                                  00004f9c        28   func ,g         0

SECTION=interrupt
FILE=U:/BarnabasGavinCangan/Climate_Control/Climate_Control/initsct
                                  00004fc4  00005090        cd
  _initsct
                                  00004fc4        cd   func ,g         0

FILE=U:/BarnabasGavinCangan/Climate_Control/Climate_Control/resetprg
                                  00005092  000050cc        3b
  _start
                                  00005092        36   func ,g         0
  _exit
                                  000050c8         5   func ,g         0

